[www.adhamdannaway.com/index.html]
[backblue.gif]
[fade.gif]
[index.html]
[www.adhamdannaway.com/wp-content/uploads/siteground-optimizer-assets/siteground-optimizer-combined-css-53d44b73f71bfadc5ddac5c92ff53f43.css]
[www.adhamdannaway.com/wp-content/themes/dannaway/js/modernizr-2.5.3-min.js]
[www.adhamdannaway.com/favicon.ico]
[www.adhamdannaway.com/wp-json/oembed/1.0/embedaef3]
[www.adhamdannaway.com/wp-json/wp/v2/pages/13.json]
[www.adhamdannaway.com/learn-ui-design.html]
[www.adhamdannaway.com/portfolio.html]
[www.adhamdannaway.com/blog.html]
[www.adhamdannaway.com/wp-content/themes/dannaway/images/adham-dannaway-designer-coder.jpg]
[www.adhamdannaway.com/contact.html]
[www.adhamdannaway.com/portfolio/figma-design-system.html]
[www.adhamdannaway.com/wp-content/uploads/2025/05/feature-figma-design-system.webp]
[www.adhamdannaway.com/wp-content/uploads/2022/12/feature-ui-design-book.webp]
[www.adhamdannaway.com/portfolio/ui-design-book.html]
[www.adhamdannaway.com/wp-content/uploads/2020/08/feature-william-hill-design-system.jpg]
[www.adhamdannaway.com/portfolio/creating-a-lean-design-system.html]
[www.adhamdannaway.com/wp-includes/js/dist/hooks.min394d.js]
[www.adhamdannaway.com/wp-includes/js/dist/i18n.mineca5.js]
[www.adhamdannaway.com/wp-content/uploads/siteground-optimizer-assets/swv.minc098.js]
[www.adhamdannaway.com/wp-content/uploads/siteground-optimizer-assets/contact-form-7.minc098.js]
[www.adhamdannaway.com/js/jquery-1.7.2.min.js]
[www.adhamdannaway.com/index.html]
[www.adhamdannaway.com/wp-content/themes/dannaway/js/clipboard.js-master/dist/clipboard.min.js]
[www.adhamdannaway.com/wp-content/themes/dannaway/js/script.js]
[www.adhamdannaway.com/wp-content/themes/dannaway/images/sprite-mobile.png]
[www.adhamdannaway.com/wp-content/themes/dannaway/images/sprite.png]
[www.adhamdannaway.com/wp-content/themes/dannaway/fonts/proximanova-bold-webfont.eot]
[www.adhamdannaway.com/wp-content/themes/dannaway/fonts/proximanova-bold-webfontd41d.eot]
[www.adhamdannaway.com/wp-content/themes/dannaway/fonts/proximanova-bold-webfont.woff]
[www.adhamdannaway.com/wp-content/themes/dannaway/fonts/proximanova-bold-webfont.ttf]
[www.adhamdannaway.com/wp-content/themes/dannaway/fonts/proximanova-bold-webfont.svg]
[www.adhamdannaway.com/wp-content/themes/dannaway/fonts/proximanova-semibold-webfont.woff2]
[www.adhamdannaway.com/wp-content/themes/dannaway/fonts/proximanova-semibold-webfont.woff]
[www.adhamdannaway.com/wp-content/themes/dannaway/fonts/proximanova-light-webfont.eot]
[www.adhamdannaway.com/wp-content/themes/dannaway/fonts/proximanova-light-webfontd41d.eot]
[www.adhamdannaway.com/wp-content/themes/dannaway/fonts/proximanova-light-webfont.woff]
[www.adhamdannaway.com/wp-content/themes/dannaway/fonts/proximanova-light-webfont.ttf]
[www.adhamdannaway.com/wp-content/themes/dannaway/fonts/proximanova-light-webfont.svg]
[www.adhamdannaway.com/wp-content/themes/dannaway/images/sprite-favicons.png]
[www.adhamdannaway.com/wp-content/themes/dannaway/images/loader.png]
[www.adhamdannaway.com/wp-content/themes/dannaway/images/sprite-home.png]
[www.adhamdannaway.com/wp-content/themes/dannaway/images/axis.png]
[www.adhamdannaway.com/wp-content/themes/dannaway/images/loader@2x.png]
[www.adhamdannaway.com/wp-content/themes/dannaway/images/sprite-mobile@2x.png]
[www.adhamdannaway.com/wp-content/themes/dannaway/images/sprite@2x.png]
[www.adhamdannaway.com/wp-content/uploads/siteground-optimizer-assets/siteground-optimizer-combined-css-53d44b73f71bfadc5ddac5c92ff53f43.css]
[www.adhamdannaway.com/about]
[www.adhamdannaway.com/wp-json/oembed/1.0/embed3e69.json]
[www.adhamdannaway.com/wp-json/oembed/1.0/embed5d52]
[www.adhamdannaway.com/wp-content/themes/dannaway/images/ui-design-book-practical-ui.webp]
[www.adhamdannaway.com/wp-json/wp/v2/pages/1552.json]
[www.adhamdannaway.com/wp-content/themes/dannaway/images/learn/thumb-ui-design-book.webp]
[www.adhamdannaway.com/blog/ui-design/ui-design-tips.html]
[www.adhamdannaway.com/wp-content/themes/dannaway/images/learn/thumb-ui-design-tips.webp]
[www.adhamdannaway.com/wp-content/themes/dannaway/images/learn/thumb-figma-design-system.webp]
[www.adhamdannaway.com/wp-content/themes/dannaway/images/learn/thumb-design-blog.webp]
[www.adhamdannaway.com/wp-content/themes/dannaway/images/learn/thumb-design-newsletter.webp]
[www.adhamdannaway.com/learn-ui-design.html]
[www.adhamdannaway.com/wp-content/themes/dannaway/images/learn/thumb-design-resources.webp]
[www.adhamdannaway.com/design-resources.html]
[www.adhamdannaway.com/wp-json/oembed/1.0/embed8baf.json]
[www.adhamdannaway.com/wp-json/oembed/1.0/embedc588]
[www.adhamdannaway.com/wp-content/themes/dannaway/images/adham-dannaway-design-portfolio.jpg]
[www.adhamdannaway.com/wp-json/wp/v2/pages/7.json]
[www.adhamdannaway.com/wp-content/uploads/2019/04/feature-interior-design-news-feed-2.jpg]
[www.adhamdannaway.com/portfolio/interior-design-news-feed.html]
[www.adhamdannaway.com/wp-content/uploads/2018/07/feature-qantas-map-search.jpg]
[www.adhamdannaway.com/portfolio/qantas-map-search.html]
[www.adhamdannaway.com/wp-content/uploads/2016/08/feature-qantas-homepage-1.jpg]
[www.adhamdannaway.com/portfolio/qantas-homepage.html]
[www.adhamdannaway.com/portfolio/rethinking-flight-search.html]
[www.adhamdannaway.com/wp-content/uploads/2016/07/feature-rethinking-flight-search.jpg]
[www.adhamdannaway.com/wp-content/uploads/2014/07/feature-monitor.jpg]
[www.adhamdannaway.com/portfolio/campaign-monitor-4.html]
[www.adhamdannaway.com/wp-content/uploads/2014/07/feature-subscriber-notifications.jpg]
[www.adhamdannaway.com/portfolio/campaign-monitor.html]
[www.adhamdannaway.com/wp-content/uploads/2014/12/feature-quest-research.jpg]
[www.adhamdannaway.com/portfolio/quest-research.html]
[www.adhamdannaway.com/wp-content/uploads/2014/07/feature-segments.jpg]
[www.adhamdannaway.com/portfolio/campaign-monitor-3.html]
[www.adhamdannaway.com/wp-content/uploads/2012/12/feature-growth-giant-brand.jpg]
[www.adhamdannaway.com/portfolio/growth-giant.html]
[www.adhamdannaway.com/wp-content/uploads/2014/12/feature-growth-giant-ui.jpg]
[www.adhamdannaway.com/portfolio/growth-giant-2.html]
[www.adhamdannaway.com/wp-content/uploads/2012/06/feature-freelancer.jpg]
[www.adhamdannaway.com/portfolio/freelancer.html]
[www.adhamdannaway.com/wp-content/uploads/2012/08/feature-hrhr.jpg]
[www.adhamdannaway.com/portfolio/hrhr.html]
[www.adhamdannaway.com/portfolio.html]
[www.adhamdannaway.com/wp-content/uploads/2012/10/feature-petra-capital.jpg]
[www.adhamdannaway.com/portfolio/petra-capital.html]
[www.adhamdannaway.com/blog/page/2.html]
[www.adhamdannaway.com/wp-content/uploads/2025/06/ui-design-tips-680x400.webp]
[www.adhamdannaway.com/blog/ui-design/ui-design-tips-14.html]
[www.adhamdannaway.com/wp-content/uploads/2024/08/ui-design-tips-680x400.webp]
[www.adhamdannaway.com/wp-content/uploads/2014/12/10-best-ux-design-books3.jpg]
[www.adhamdannaway.com/blog/ux-design/ux-design-books.html]
[www.adhamdannaway.com/blog/ui-design/ui-design-books.html]
[www.adhamdannaway.com/wp-content/uploads/2024/01/10-best-ui-design-books-1-680x400.webp]
[www.adhamdannaway.com/blog/design-systems/how-to-build-a-design-system.html]
[www.adhamdannaway.com/wp-content/uploads/2024/07/figma-design-system-680x400.webp]
[www.adhamdannaway.com/blog/design-systems/design-system-examples.html]
[www.adhamdannaway.com/wp-content/uploads/2024/10/best-design-system-examples-680x400.jpg]
[www.adhamdannaway.com/wp-content/uploads/2024/11/free-web-design-inspiration-sites-680x400.webp]
[www.adhamdannaway.com/blog/web-design/free-web-design-inspiration.html]
[www.adhamdannaway.com/wp-content/uploads/2024/11/landing-page-design-inspiration-680x400.webp]
[www.adhamdannaway.com/blog/web-design/landing-page-design-inspiration.html]
[www.adhamdannaway.com/blog/icons/free-icon-sets.html]
[www.adhamdannaway.com/wp-content/uploads/2024/10/free-icon-sets-2-680x400.webp]
[www.adhamdannaway.com/blog/web-design/design-portfolio-inspiration.html]
[www.adhamdannaway.com/blog.html]
[www.adhamdannaway.com/wp-content/uploads/2024/12/design-portfolio-inspiration-1-680x400.webp]
[www.adhamdannaway.com/wp-json/oembed/1.0/embedf0df.json]
[www.adhamdannaway.com/wp-json/oembed/1.0/embed60fc]
[www.adhamdannaway.com/wp-content/themes/dannaway/images/adham-dannaway-half-face.jpg]
[www.adhamdannaway.com/wp-json/wp/v2/pages/11.json]
[www.adhamdannaway.com/contact.html]
[www.adhamdannaway.com/wp-content/uploads/siteground-optimizer-assets/akismet-frontend.min4243.js]
[www.adhamdannaway.com/wp-json/oembed/1.0/embed013c.json]
[www.adhamdannaway.com/wp-json/oembed/1.0/embed716a]
[www.adhamdannaway.com/wp-content/themes/dannaway/images/portfolio/figma-design-system/figma-design-system-practical-ui-main.jpg]
[www.adhamdannaway.com/wp-content/themes/dannaway/images/portfolio/figma-design-system/figma-design-system-components-1.webp]
[www.adhamdannaway.com/wp-content/themes/dannaway/images/portfolio/figma-design-system/figma-design-system-components-2.webp]
[www.adhamdannaway.com/wp-content/themes/dannaway/images/portfolio/figma-design-system/figma-design-system-colour-palette.webp]
[www.adhamdannaway.com/wp-content/themes/dannaway/images/portfolio/figma-design-system/figma-design-system-typography.webp]
[www.adhamdannaway.com/wp-content/themes/dannaway/images/portfolio/figma-design-system/figma-design-system-icons.webp]
[www.adhamdannaway.com/wp-content/themes/dannaway/images/portfolio/figma-design-system/figma-design-system-colour-variables.webp]
[www.adhamdannaway.com/wp-content/themes/dannaway/images/portfolio/figma-design-system/figma-design-system-colour-tokens.webp]
[www.adhamdannaway.com/wp-content/themes/dannaway/images/portfolio/figma-design-system/figma-design-system-light-mode.webp]
[www.adhamdannaway.com/wp-content/themes/dannaway/images/portfolio/figma-design-system/figma-design-system-dark-mode.webp]
[www.adhamdannaway.com/wp-content/themes/dannaway/images/portfolio/figma-design-system/figma-design-system-elevation-light.webp]
[www.adhamdannaway.com/wp-content/themes/dannaway/images/portfolio/figma-design-system/figma-design-system-elevation-dark.webp]
[www.adhamdannaway.com/wp-content/themes/dannaway/images/portfolio/figma-design-system/figma-design-system-components.webp]
[www.adhamdannaway.com/wp-content/themes/dannaway/images/portfolio/figma-design-system/figma-design-system-interaction-states.webp]
[www.adhamdannaway.com/wp-content/themes/dannaway/images/portfolio/figma-design-system/figma-design-system-landing-page.webp]
[www.adhamdannaway.com/wp-content/themes/dannaway/images/portfolio/figma-design-system/ui-design-book.webp]
[www.adhamdannaway.com/portfolio/js/jquery-1.7.2.min.js]
[www.adhamdannaway.com/portfolio/figma-design-system.html]
[www.adhamdannaway.com/wp-json/oembed/1.0/embede41c.json]
[www.adhamdannaway.com/wp-json/oembed/1.0/embedc0cd]
[www.adhamdannaway.com/wp-content/themes/dannaway/images/portfolio/ui-design-book/ui-design-book-practical-ui-main.webp]
[www.adhamdannaway.com/wp-content/themes/dannaway/images/portfolio/ui-design-book/ui-design-book-preview-1.png]
[www.adhamdannaway.com/wp-content/themes/dannaway/images/portfolio/ui-design-book/ui-design-book-preview-2.png]
[www.adhamdannaway.com/wp-content/themes/dannaway/images/portfolio/ui-design-book/ui-design-book-created-in-figma-large.webp]
[www.adhamdannaway.com/wp-content/themes/dannaway/images/portfolio/ui-design-book/ui-design-book-design-system-colour-palette.webp]
[www.adhamdannaway.com/wp-content/themes/dannaway/images/portfolio/ui-design-book/ui-design-book-design-system-typography.webp]
[www.adhamdannaway.com/wp-content/themes/dannaway/images/portfolio/ui-design-book/ui-design-book-design-system.webp]
[www.adhamdannaway.com/wp-content/themes/dannaway/images/portfolio/ui-design-book/ui-design-book-logo-sketches.webp]
[www.adhamdannaway.com/wp-content/themes/dannaway/images/portfolio/ui-design-book/ui-design-book-brand-symbol.webp]
[www.adhamdannaway.com/wp-content/themes/dannaway/images/portfolio/ui-design-book/ui-design-book-logo.webp]
[www.adhamdannaway.com/wp-content/themes/dannaway/images/portfolio/ui-design-book/ui-design-book-cover.webp]
[www.adhamdannaway.com/wp-content/themes/dannaway/images/portfolio/ui-design-book/ui-design-book-user-interface-example-before.webp]
[www.adhamdannaway.com/wp-content/themes/dannaway/images/portfolio/ui-design-book/ui-design-book-user-interface-example-after.webp]
[www.adhamdannaway.com/portfolio/ui-design-book.html]
[www.adhamdannaway.com/wp-content/themes/dannaway/images/portfolio/ui-design-book/ui-design-book-landing-page.webp]
[www.adhamdannaway.com/wp-json/oembed/1.0/embed5fdc.json]
[www.adhamdannaway.com/wp-json/oembed/1.0/embed1b74]
[www.adhamdannaway.com/wp-content/themes/dannaway/images/portfolio/william-hill-design-system/main.jpg]
[www.adhamdannaway.com/wp-content/themes/dannaway/images/portfolio/william-hill-design-system/design-system-android.jpg]
[www.adhamdannaway.com/wp-content/themes/dannaway/images/portfolio/william-hill-design-system/design-system-button-audit.jpg]
[www.adhamdannaway.com/wp-content/themes/dannaway/images/portfolio/william-hill-design-system/design-system-colours.jpg]
[www.adhamdannaway.com/wp-content/themes/dannaway/images/portfolio/william-hill-design-system/design-system-android-components-1.jpg]
[www.adhamdannaway.com/wp-content/themes/dannaway/images/portfolio/william-hill-design-system/design-system-android-components-2.jpg]
[www.adhamdannaway.com/wp-content/themes/dannaway/images/portfolio/william-hill-design-system/design-system-colour-palette.jpg]
[www.adhamdannaway.com/wp-content/themes/dannaway/images/portfolio/william-hill-design-system/design-system-font.jpg]
[www.adhamdannaway.com/wp-content/themes/dannaway/images/portfolio/william-hill-design-system/design-system-typography.jpg]
[www.adhamdannaway.com/blog/ui-design/free-typefaces.html]
[www.adhamdannaway.com/wp-content/themes/dannaway/images/portfolio/william-hill-design-system/design-system-shared-styles.jpg]
[www.adhamdannaway.com/wp-content/themes/dannaway/images/portfolio/william-hill-design-system/design-system-icon-guidelines.jpg]
[www.adhamdannaway.com/wp-content/themes/dannaway/images/portfolio/william-hill-design-system/design-system-icons.jpg]
[www.adhamdannaway.com/wp-content/themes/dannaway/images/portfolio/william-hill-design-system/android-component-library.jpg]
[www.adhamdannaway.com/wp-content/themes/dannaway/images/portfolio/william-hill-design-system/android-templates.jpg]
[www.adhamdannaway.com/wp-content/uploads/2024/07/figma-design-system-practical-ui.webp]
[www.adhamdannaway.com/portfolio/creating-a-lean-design-system.html]
[www.adhamdannaway.com/js/jquery-1.7.2.min.html]
[www.adhamdannaway.com/wp-content/themes/dannaway/fonts/proximanova-bold-webfont.svg]
[www.adhamdannaway.com/wp-content/themes/dannaway/fonts/proximanova-light-webfont.svg]
[www.adhamdannaway.com/wp-json/oembed/1.0/embedfcd8.json]
[www.adhamdannaway.com/wp-json/oembed/1.0/embed5d47]
[www.adhamdannaway.com/wp-json/wp/v2/pages/2.json]
[www.adhamdannaway.com/wp-content/themes/dannaway/images/about-adham-dannaway.jpg]
[www.adhamdannaway.com/blog/how-i-became-a-designer.html]
[www.adhamdannaway.com/wp-content/themes/dannaway/images/toddler.jpg]
[www.adhamdannaway.com/wp-content/themes/dannaway/images/sydney.jpg]
[www.adhamdannaway.com/wp-content/themes/dannaway/images/home.jpg]
[www.adhamdannaway.com/wp-content/themes/dannaway/images/workspace.jpg]
[www.adhamdannaway.com/wp-content/themes/dannaway/images/l-sit-pullup.jpg]
[www.adhamdannaway.com/wp-content/themes/dannaway/images/interior-design.jpg]
[www.adhamdannaway.com/wp-content/themes/dannaway/images/pie-chart.png]
[www.adhamdannaway.com/wp-content/themes/dannaway/images/yoda.jpg]
[www.adhamdannaway.com/wp-content/themes/dannaway/images/featured.jpg]
[www.adhamdannaway.com/featured.html]
[www.adhamdannaway.com/wp-content/themes/dannaway/images/ui-design-book.webp]
[www.adhamdannaway.com/wp-content/themes/dannaway/images/figma-design-system.webp]
[www.adhamdannaway.com/wp-content/themes/dannaway/images/adham-dannaway-workspace.jpg]
[www.adhamdannaway.com/about]
[www.adhamdannaway.com/index348c.html]
[www.adhamdannaway.com/wp-json/oembed/1.0/embed877d.json]
[www.adhamdannaway.com/wp-json/oembed/1.0/embed4d18]
[www.adhamdannaway.com/wp-content/uploads/2024/08/ui-design-tips-0.webp]
[www.adhamdannaway.com/wp-json/wp/v2/posts/879.json]
[www.adhamdannaway.com/wp-content/uploads/2024/08/ui-design-tips-1.webp]
[www.adhamdannaway.com/wp-content/uploads/2024/08/ui-design-tips-2.1.webp]
[www.adhamdannaway.com/wp-content/uploads/2024/08/ui-design-tips-2.webp]
[www.adhamdannaway.com/wp-content/uploads/2024/08/ui-design-tips-3.webp]
[www.adhamdannaway.com/wp-content/uploads/2024/08/ui-design-tips-4.3.webp]
[www.adhamdannaway.com/wp-content/uploads/2024/08/ui-design-tips-4.4.webp]
[www.adhamdannaway.com/wp-content/uploads/2024/08/ui-design-tips-4.1.webp]
[www.adhamdannaway.com/wp-content/uploads/2024/08/ui-design-tips-4.webp]
[www.adhamdannaway.com/wp-content/uploads/2024/08/ui-design-tips-4.2.webp]
[www.adhamdannaway.com/wp-content/uploads/2024/08/ui-design-tips-5.1.webp]
[www.adhamdannaway.com/wp-content/uploads/2024/08/ui-design-tips-5.webp]
[www.adhamdannaway.com/wp-content/uploads/2024/08/ui-design-tips-6.1.webp]
[www.adhamdannaway.com/wp-content/uploads/2024/08/ui-design-tips-6.webp]
[www.adhamdannaway.com/blog/web-design/figma-plugins-web-design.html]
[www.adhamdannaway.com/wp-content/uploads/2024/08/ui-design-tips-7.1.webp]
[www.adhamdannaway.com/wp-content/uploads/2024/08/ui-design-tips-7.2.webp]
[www.adhamdannaway.com/blog/ui-design/button-design-tips.html]
[www.adhamdannaway.com/wp-content/uploads/2024/01/ui-design-tips-7.webp]
[www.adhamdannaway.com/wp-content/uploads/2024/08/ui-design-tips-8.1.webp]
[www.adhamdannaway.com/wp-content/uploads/2024/08/ui-design-tips-8.webp]
[www.adhamdannaway.com/wp-content/uploads/2024/01/ui-design-tips-9.1.webp]
[www.adhamdannaway.com/wp-content/uploads/2024/08/ui-design-tips-10.1.webp]
[www.adhamdannaway.com/wp-content/uploads/2024/08/ui-design-tips-10.webp]
[www.adhamdannaway.com/wp-content/uploads/2024/08/ui-design-tips-11.1.webp]
[www.adhamdannaway.com/wp-content/uploads/2024/08/ui-design-tips-11.2.webp]
[www.adhamdannaway.com/wp-content/uploads/2024/08/ui-design-tips-11.webp]
[www.adhamdannaway.com/wp-content/uploads/2024/08/ui-design-tips-12.1.webp]
[www.adhamdannaway.com/wp-content/uploads/2024/08/ui-design-tips-12.webp]
[www.adhamdannaway.com/wp-content/uploads/2024/01/ui-design-tips-13.2.webp]
[www.adhamdannaway.com/wp-content/uploads/2024/01/ui-design-tips-13.1.webp]
[www.adhamdannaway.com/wp-content/uploads/2024/08/ui-design-tips-13.webp]
[www.adhamdannaway.com/wp-content/uploads/2024/08/ui-design-tips-14.webp]
[www.adhamdannaway.com/wp-content/uploads/2024/08/ui-design-tips-15.1.webp]
[www.adhamdannaway.com/wp-content/uploads/2024/08/ui-design-tips-15.webp]
[www.adhamdannaway.com/wp-content/uploads/2024/08/ui-design-tips-16.1.webp]
[www.adhamdannaway.com/wp-content/uploads/2024/08/ui-design-tips-16.webp]
[www.adhamdannaway.com/wp-content/uploads/2024/08/ui-design-book.webp]
[www.adhamdannaway.com/blog/ui-design/js/jquery-1.7.2.min.js]
[www.adhamdannaway.com/blog/ui-design/ui-design-tips.html]
[www.adhamdannaway.com/wp-json/oembed/1.0/embed7421.json]
[www.adhamdannaway.com/wp-json/oembed/1.0/embed0ed0]
[www.adhamdannaway.com/wp-content/themes/dannaway/images/avatars/jon.jpg]
[www.adhamdannaway.com/wp-json/wp/v2/pages/1581.json]
[www.adhamdannaway.com/wp-content/themes/dannaway/images/avatars/jordan-hughes.jpg]
[www.adhamdannaway.com/wp-content/themes/dannaway/images/avatars/jake.jpg]
[www.adhamdannaway.com/wp-content/themes/dannaway/images/avatars/adrian.jpg]
[www.adhamdannaway.com/wp-content/themes/dannaway/images/avatars/molly-hellmuth.webp]
[www.adhamdannaway.com/wp-content/themes/dannaway/images/design-resources/product-design-resources-mobile.webp]
[www.adhamdannaway.com/wp-content/themes/dannaway/images/adham-dannaway-ui-designer.jpg]
[www.adhamdannaway.com/design-resources.html]
[www.adhamdannaway.com/wp-content/themes/dannaway/images/learn/thumb-follow-me.webp]
[www.adhamdannaway.com/indexc4f7.html]
[www.adhamdannaway.com/wp-json/oembed/1.0/embed54da.json]
[www.adhamdannaway.com/wp-content/themes/dannaway/images/portfolio/interior-design-news-feed/main.jpg]
[www.adhamdannaway.com/wp-json/oembed/1.0/embed8da9]
[www.adhamdannaway.com/wp-content/themes/dannaway/images/portfolio/interior-design-news-feed/decofeed-interior-design-news-feed.jpg]
[www.adhamdannaway.com/wp-content/themes/dannaway/images/portfolio/interior-design-news-feed/business-plan-sketch.jpg]
[www.adhamdannaway.com/wp-content/themes/dannaway/images/portfolio/interior-design-news-feed/logo-sketches.jpg]
[www.adhamdannaway.com/wp-content/themes/dannaway/images/portfolio/interior-design-news-feed/logo-design-morphological-matrix.jpg]
[www.adhamdannaway.com/wp-content/themes/dannaway/images/portfolio/interior-design-news-feed/floorplan-logo-concept.jpg]
[www.adhamdannaway.com/wp-content/themes/dannaway/images/portfolio/interior-design-news-feed/decofeed-logo-design.jpg]
[www.adhamdannaway.com/wp-content/themes/dannaway/images/portfolio/interior-design-news-feed/news-feed-sketch-1.jpg]
[www.adhamdannaway.com/wp-content/themes/dannaway/images/portfolio/interior-design-news-feed/news-feed-sketch-2.jpg]
[www.adhamdannaway.com/wp-content/themes/dannaway/images/portfolio/interior-design-news-feed/colour-palette.jpg]
[www.adhamdannaway.com/wp-content/themes/dannaway/images/portfolio/interior-design-news-feed/typography-design.jpg]
[www.adhamdannaway.com/wp-content/themes/dannaway/images/portfolio/interior-design-news-feed/mood-board.jpg]
[www.adhamdannaway.com/wp-content/themes/dannaway/images/portfolio/interior-design-news-feed/interior-design-news-feed-mobile.jpg]
[www.adhamdannaway.com/wp-content/themes/dannaway/images/portfolio/interior-design-news-feed/comments-screen-mobile.jpg]
[www.adhamdannaway.com/wp-content/themes/dannaway/images/portfolio/interior-design-news-feed/decofeed-blog-post-title-mobile.jpg]
[www.adhamdannaway.com/wp-content/themes/dannaway/images/portfolio/interior-design-news-feed/decofeed-blog-post-author-mobile.jpg]
[www.adhamdannaway.com/wp-content/themes/dannaway/images/portfolio/interior-design-news-feed/decofeed-blog-desktop.jpg]
[www.adhamdannaway.com/portfolio/interior-design-news-feed.html]
[www.adhamdannaway.com/wp-content/themes/dannaway/images/portfolio/interior-design-news-feed/decofeed-blog-post-desktop.jpg]
[www.adhamdannaway.com/wp-json/oembed/1.0/embededd9.json]
[www.adhamdannaway.com/wp-json/oembed/1.0/embed6e04]
[www.adhamdannaway.com/wp-content/themes/dannaway/images/portfolio/qantas-map-search/main.jpg]
[www.adhamdannaway.com/wp-content/themes/dannaway/images/portfolio/qantas-map-search/qantas-map-search-design.jpg]
[www.adhamdannaway.com/wp-content/themes/dannaway/images/portfolio/qantas-map-search/research-charts.jpg]
[www.adhamdannaway.com/wp-content/themes/dannaway/images/portfolio/qantas-map-search/research-qantas-club.jpg]
[www.adhamdannaway.com/wp-content/themes/dannaway/images/portfolio/qantas-map-search/research-trello.jpg]
[www.adhamdannaway.com/wp-content/themes/dannaway/images/portfolio/qantas-map-search/competitor-logos.jpg]
[www.adhamdannaway.com/wp-content/themes/dannaway/images/portfolio/qantas-map-search/qantas-map-search-sketch-1.jpg]
[www.adhamdannaway.com/wp-content/themes/dannaway/images/portfolio/qantas-map-search/qantas-map-search-sketch-2.jpg]
[www.adhamdannaway.com/wp-content/themes/dannaway/images/portfolio/qantas-map-search/qantas-map-search-sketch-3.jpg]
[www.adhamdannaway.com/wp-content/themes/dannaway/images/portfolio/qantas-map-search/qantas-map-search-prototype.jpg]
[www.adhamdannaway.com/wp-content/themes/dannaway/images/portfolio/qantas-map-search/flight-fare-bar-chart.jpg]
[www.adhamdannaway.com/wp-content/themes/dannaway/images/portfolio/qantas-map-search/flight-fare-map-pins.jpg]
[www.adhamdannaway.com/wp-content/themes/dannaway/images/portfolio/qantas-map-search/qantas-map-search-destinations.jpg]
[www.adhamdannaway.com/wp-content/themes/dannaway/images/portfolio/qantas-map-search/qantas-map-search-design-filters.jpg]
[www.adhamdannaway.com/wp-content/themes/dannaway/images/portfolio/qantas-map-search/qantas-map-search-design-chart.jpg]
[www.adhamdannaway.com/portfolio/qantas-map-search.html]
[www.adhamdannaway.com/wp-json/oembed/1.0/embed4a4d.json]
[www.adhamdannaway.com/wp-content/themes/dannaway/images/portfolio/qantas-homepage/main.jpg]
[www.adhamdannaway.com/wp-json/oembed/1.0/embede231]
[www.adhamdannaway.com/wp-content/themes/dannaway/images/portfolio/qantas-homepage/qantas-homepage-2014.jpg]
[www.adhamdannaway.com/wp-content/themes/dannaway/images/portfolio/qantas-homepage/sketches-flight-search-1.jpg]
[www.adhamdannaway.com/wp-content/themes/dannaway/images/portfolio/qantas-homepage/sketches-flight-search-2.jpg]
[www.adhamdannaway.com/wp-content/themes/dannaway/images/portfolio/qantas-homepage/flight-search-form-old.jpg]
[www.adhamdannaway.com/wp-content/themes/dannaway/images/portfolio/qantas-homepage/flight-search-form-drop-down-new.jpg]
[www.adhamdannaway.com/wp-content/themes/dannaway/images/portfolio/qantas-homepage/flight-search-form-new.jpg]
[www.adhamdannaway.com/wp-content/themes/dannaway/images/portfolio/qantas-homepage/hero-banner-old.jpg]
[www.adhamdannaway.com/wp-content/themes/dannaway/images/portfolio/qantas-homepage/hero-banner-sketches.jpg]
[www.adhamdannaway.com/wp-content/themes/dannaway/images/portfolio/qantas-homepage/hero-banner-new.jpg]
[www.adhamdannaway.com/wp-content/themes/dannaway/images/portfolio/qantas-homepage/promos-old.jpg]
[www.adhamdannaway.com/wp-content/themes/dannaway/images/portfolio/qantas-homepage/promos-new.jpg]
[www.adhamdannaway.com/wp-content/themes/dannaway/images/portfolio/qantas-homepage/frequent-flyer-login-form-old.jpg]
[www.adhamdannaway.com/wp-content/themes/dannaway/images/portfolio/qantas-homepage/frequent-flyer-login-form-new.jpg]
[www.adhamdannaway.com/wp-content/themes/dannaway/images/portfolio/qantas-homepage/flight-offers-section.jpg]
[www.adhamdannaway.com/wp-content/themes/dannaway/images/portfolio/qantas-homepage/destination-guides.jpg]
[www.adhamdannaway.com/wp-content/themes/dannaway/images/portfolio/qantas-homepage/page-tour.jpg]
[www.adhamdannaway.com/portfolio/qantas-homepage.html]
[www.adhamdannaway.com/wp-content/themes/dannaway/images/portfolio/qantas-homepage/qantas-homepage-2015.jpg]
[www.adhamdannaway.com/wp-json/oembed/1.0/embedadc3.json]
[www.adhamdannaway.com/wp-content/themes/dannaway/images/portfolio/rethinking-flight-search/main.jpg]
[www.adhamdannaway.com/wp-json/oembed/1.0/embed2428]
[www.adhamdannaway.com/wp-content/themes/dannaway/images/portfolio/rethinking-flight-search/general-assembly-design-thinking-1.jpg]
[www.adhamdannaway.com/wp-content/themes/dannaway/images/portfolio/rethinking-flight-search/general-assembly-design-thinking-2.jpg]
[www.adhamdannaway.com/wp-content/themes/dannaway/images/portfolio/rethinking-flight-search/speaker-adham-dannaway.jpg]
[www.adhamdannaway.com/wp-content/themes/dannaway/images/portfolio/rethinking-flight-search/design-thinking-diagram.jpg]
[www.adhamdannaway.com/wp-content/themes/dannaway/images/portfolio/rethinking-flight-search/search-query-diagram.jpg]
[www.adhamdannaway.com/wp-content/themes/dannaway/images/portfolio/rethinking-flight-search/sketches-flight-search-1.jpg]
[www.adhamdannaway.com/wp-content/themes/dannaway/images/portfolio/rethinking-flight-search/sketches-flight-search-2.jpg]
[www.adhamdannaway.com/wp-content/themes/dannaway/images/portfolio/rethinking-flight-search/sketch-broad-flight-search.jpg]
[www.adhamdannaway.com/wp-content/themes/dannaway/images/portfolio/rethinking-flight-search/sketch-broad-flight-search-filter.jpg]
[www.adhamdannaway.com/wp-content/themes/dannaway/images/portfolio/rethinking-flight-search/homepage-wireframes.jpg]
[www.adhamdannaway.com/wp-content/themes/dannaway/images/portfolio/rethinking-flight-search/interest-based-flight-search-1.jpg]
[www.adhamdannaway.com/wp-content/themes/dannaway/images/portfolio/rethinking-flight-search/interest-based-flight-search-2.jpg]
[www.adhamdannaway.com/wp-content/themes/dannaway/images/portfolio/rethinking-flight-search/interests-cards.jpg]
[www.adhamdannaway.com/wp-content/themes/dannaway/images/portfolio/rethinking-flight-search/flight-search-destinations-list.jpg]
[www.adhamdannaway.com/wp-content/themes/dannaway/images/portfolio/rethinking-flight-search/flight-search-destination-guide.jpg]
[www.adhamdannaway.com/wp-content/themes/dannaway/images/portfolio/rethinking-flight-search/flight-search-destinations-list-2.jpg]
[www.adhamdannaway.com/portfolio/rethinking-flight-search.html]
[www.adhamdannaway.com/wp-content/themes/dannaway/images/portfolio/rethinking-flight-search/flight-search-results.jpg]
[www.adhamdannaway.com/wp-json/oembed/1.0/embed72fa.json]
[www.adhamdannaway.com/wp-content/themes/dannaway/images/portfolio/campaign-monitor-4/main.jpg]
[www.adhamdannaway.com/wp-json/oembed/1.0/embed3079]
[www.adhamdannaway.com/wp-content/themes/dannaway/images/portfolio/campaign-monitor-4/app-activity.jpg]
[www.adhamdannaway.com/wp-content/themes/dannaway/images/portfolio/campaign-monitor-4/app-report.jpg]
[www.adhamdannaway.com/wp-content/themes/dannaway/images/portfolio/campaign-monitor-4/app-subscribers.jpg]
[www.adhamdannaway.com/wp-content/themes/dannaway/images/portfolio/campaign-monitor-4/app-snapshot.jpg]
[www.adhamdannaway.com/wp-content/themes/dannaway/images/portfolio/campaign-monitor-4/information-architecture-sitemap.jpg]
[www.adhamdannaway.com/wp-content/themes/dannaway/images/portfolio/campaign-monitor-4/information-architecture-sketches.jpg]
[www.adhamdannaway.com/wp-content/themes/dannaway/images/portfolio/campaign-monitor-4/wireframe-activity.jpg]
[www.adhamdannaway.com/wp-content/themes/dannaway/images/portfolio/campaign-monitor-4/wireframe-report.jpg]
[www.adhamdannaway.com/wp-content/themes/dannaway/images/portfolio/campaign-monitor-4/wireframe-subscribers.jpg]
[www.adhamdannaway.com/wp-content/themes/dannaway/images/portfolio/campaign-monitor-4/wireframe-snapshot.jpg]
[www.adhamdannaway.com/wp-content/themes/dannaway/images/portfolio/campaign-monitor-4/visual-design-map.jpg]
[www.adhamdannaway.com/wp-content/themes/dannaway/images/portfolio/campaign-monitor-4/visual-design-typography.jpg]
[www.adhamdannaway.com/wp-content/themes/dannaway/images/portfolio/campaign-monitor-4/colour-palette.jpg]
[www.adhamdannaway.com/wp-content/themes/dannaway/images/portfolio/campaign-monitor-4/campaign-monitor-icons.jpg]
[www.adhamdannaway.com/wp-content/themes/dannaway/images/portfolio/campaign-monitor-4/campaign-monitor-app-icon.jpg]
[www.adhamdannaway.com/wp-content/themes/dannaway/images/portfolio/campaign-monitor-4/monitor-app-campaign-report.jpg]
[www.adhamdannaway.com/wp-content/themes/dannaway/images/portfolio/campaign-monitor-4/monitor-app-worldview.jpg]
[www.adhamdannaway.com/wp-content/themes/dannaway/images/portfolio/campaign-monitor-4/monitor-app-subscriber-snapshot.jpg]
[www.adhamdannaway.com/wp-content/themes/dannaway/images/portfolio/campaign-monitor-4/monitor-app-subscribers.jpg]
[www.adhamdannaway.com/portfolio/campaign-monitor-4.html]
[www.adhamdannaway.com/wp-json/oembed/1.0/embed9065.json]
[www.adhamdannaway.com/wp-content/themes/dannaway/images/portfolio/campaign-monitor/main.jpg]
[www.adhamdannaway.com/wp-json/oembed/1.0/embed2011]
[www.adhamdannaway.com/wp-content/themes/dannaway/images/portfolio/campaign-monitor/user-interface.jpg]
[www.adhamdannaway.com/wp-content/themes/dannaway/images/portfolio/campaign-monitor/notification-structure.jpg]
[www.adhamdannaway.com/wp-content/themes/dannaway/images/portfolio/campaign-monitor/input-drop-down-idea.jpg]
[www.adhamdannaway.com/wp-content/themes/dannaway/images/portfolio/campaign-monitor/instant-notification-sketch.jpg]
[www.adhamdannaway.com/wp-content/themes/dannaway/images/portfolio/campaign-monitor/summary-notification-sketch.jpg]
[www.adhamdannaway.com/wp-content/themes/dannaway/images/portfolio/campaign-monitor/wireframe-statistics.jpg]
[www.adhamdannaway.com/wp-content/themes/dannaway/images/portfolio/campaign-monitor/wireframe-location.jpg]
[www.adhamdannaway.com/wp-content/themes/dannaway/images/portfolio/campaign-monitor/wireframe-subscribers.jpg]
[www.adhamdannaway.com/wp-content/themes/dannaway/images/portfolio/campaign-monitor/summary-subscriber-notification-email.jpg]
[www.adhamdannaway.com/wp-content/themes/dannaway/images/portfolio/campaign-monitor/instant-subscriber-notification-email.jpg]
[www.adhamdannaway.com/wp-content/themes/dannaway/images/portfolio/campaign-monitor/twitter-feedback-1.jpg]
[www.adhamdannaway.com/wp-content/themes/dannaway/images/portfolio/campaign-monitor/twitter-feedback-2.jpg]
[www.adhamdannaway.com/portfolio/campaign-monitor.html]
[www.adhamdannaway.com/wp-json/oembed/1.0/embed5bda.json]
[www.adhamdannaway.com/wp-content/themes/dannaway/images/portfolio/quest-research/main.jpg]
[www.adhamdannaway.com/wp-json/oembed/1.0/embed4cc4]
[www.adhamdannaway.com/wp-content/themes/dannaway/images/portfolio/quest-research/logo-sketch.jpg]
[www.adhamdannaway.com/wp-content/themes/dannaway/images/portfolio/quest-research/logo-light.jpg]
[www.adhamdannaway.com/wp-content/themes/dannaway/images/portfolio/quest-research/logo-dark.jpg]
[www.adhamdannaway.com/wp-content/themes/dannaway/images/portfolio/quest-research/typography.jpg]
[www.adhamdannaway.com/wp-content/themes/dannaway/images/portfolio/quest-research/card.jpg]
[www.adhamdannaway.com/wp-content/themes/dannaway/images/portfolio/quest-research/colour-palette.jpg]
[www.adhamdannaway.com/wp-content/themes/dannaway/images/portfolio/quest-research/mood-board.jpg]
[www.adhamdannaway.com/wp-content/themes/dannaway/images/portfolio/quest-research/iconography.jpg]
[www.adhamdannaway.com/wp-content/themes/dannaway/images/portfolio/quest-research/sketch-responsive.jpg]
[www.adhamdannaway.com/wp-content/themes/dannaway/images/portfolio/quest-research/sketch-homepage.jpg]
[www.adhamdannaway.com/wp-content/themes/dannaway/images/portfolio/quest-research/sitemap.jpg]
[www.adhamdannaway.com/wp-content/themes/dannaway/images/portfolio/quest-research/homepage-design.jpg]
[www.adhamdannaway.com/wp-content/themes/dannaway/images/portfolio/quest-research/website-services.jpg]
[www.adhamdannaway.com/wp-content/themes/dannaway/images/portfolio/quest-research/website-section-team.jpg]
[www.adhamdannaway.com/wp-content/themes/dannaway/images/portfolio/quest-research/website-section-about.jpg]
[www.adhamdannaway.com/portfolio/quest-research.html]
[www.adhamdannaway.com/wp-content/themes/dannaway/images/portfolio/quest-research/responsive-website-design.jpg]
[www.adhamdannaway.com/wp-json/oembed/1.0/embed5732.json]
[www.adhamdannaway.com/wp-content/themes/dannaway/images/portfolio/campaign-monitor-3/main.jpg]
[www.adhamdannaway.com/wp-json/oembed/1.0/embed9ff1]
[www.adhamdannaway.com/wp-content/themes/dannaway/images/portfolio/campaign-monitor-3/segments-user-interface.jpg]
[www.adhamdannaway.com/wp-content/themes/dannaway/images/portfolio/campaign-monitor-3/segments-structure.jpg]
[www.adhamdannaway.com/wp-content/themes/dannaway/images/portfolio/campaign-monitor-3/segment-builder-sketch.jpg]
[www.adhamdannaway.com/wp-content/themes/dannaway/images/portfolio/campaign-monitor-3/segment-builder-ui-sketch.jpg]
[www.adhamdannaway.com/wp-content/themes/dannaway/images/portfolio/campaign-monitor-3/rule-visual-design.jpg]
[www.adhamdannaway.com/wp-content/themes/dannaway/images/portfolio/campaign-monitor-3/geo-location-user-interface.jpg]
[www.adhamdannaway.com/wp-content/themes/dannaway/images/portfolio/campaign-monitor-3/exclude-subscribers-user-interface.jpg]
[www.adhamdannaway.com/portfolio/campaign-monitor-3.html]
[www.adhamdannaway.com/wp-json/oembed/1.0/embed8487.json]
[www.adhamdannaway.com/wp-content/themes/dannaway/images/portfolio/growth-giant/main.jpg]
[www.adhamdannaway.com/wp-json/oembed/1.0/embedfd44]
[www.adhamdannaway.com/wp-content/themes/dannaway/images/portfolio/growth-giant/logo-sketch.jpg]
[www.adhamdannaway.com/wp-content/themes/dannaway/images/portfolio/growth-giant/logo-grey.jpg]
[www.adhamdannaway.com/wp-content/themes/dannaway/images/portfolio/growth-giant/logo-white.jpg]
[www.adhamdannaway.com/wp-content/themes/dannaway/images/portfolio/growth-giant/character-illustration.jpg]
[www.adhamdannaway.com/wp-content/themes/dannaway/images/portfolio/growth-giant/character-sketch.jpg]
[www.adhamdannaway.com/wp-content/themes/dannaway/images/portfolio/growth-giant/visual-design-icons.jpg]
[www.adhamdannaway.com/wp-content/themes/dannaway/images/portfolio/growth-giant/visual-design-typography.jpg]
[www.adhamdannaway.com/wp-content/themes/dannaway/images/portfolio/growth-giant/colour-palette.jpg]
[www.adhamdannaway.com/wp-content/themes/dannaway/images/portfolio/growth-giant/homepage.jpg]
[www.adhamdannaway.com/portfolio/growth-giant.html]
[www.adhamdannaway.com/wp-content/themes/dannaway/images/portfolio/growth-giant/sign-up.jpg]
[www.adhamdannaway.com/wp-json/oembed/1.0/embedba5a.json]
[www.adhamdannaway.com/wp-json/oembed/1.0/embed6514]
[www.adhamdannaway.com/wp-content/themes/dannaway/images/portfolio/growth-giant-2/main.jpg]
[www.adhamdannaway.com/wp-content/themes/dannaway/images/portfolio/growth-giant-2/homepage.jpg]
[www.adhamdannaway.com/wp-content/themes/dannaway/images/portfolio/growth-giant-2/ab-test-regular.jpg]
[www.adhamdannaway.com/wp-content/themes/dannaway/images/portfolio/growth-giant-2/ab-test-dynamic.jpg]
[www.adhamdannaway.com/wp-content/themes/dannaway/images/portfolio/growth-giant-2/user-journey.jpg]
[www.adhamdannaway.com/wp-content/themes/dannaway/images/portfolio/growth-giant-2/sketch-create-test.jpg]
[www.adhamdannaway.com/wp-content/themes/dannaway/images/portfolio/growth-giant-2/sketch-test-details.jpg]
[www.adhamdannaway.com/wp-content/themes/dannaway/images/portfolio/growth-giant-2/ui-style-guide.jpg]
[www.adhamdannaway.com/wp-content/themes/dannaway/images/portfolio/growth-giant-2/user-interface-dashboard.jpg]
[www.adhamdannaway.com/wp-content/themes/dannaway/images/portfolio/growth-giant-2/user-interface-new-experiment.jpg]
[www.adhamdannaway.com/wp-content/themes/dannaway/images/portfolio/growth-giant-2/user-interface-experiment.jpg]
[www.adhamdannaway.com/portfolio/growth-giant-2.html]
[www.adhamdannaway.com/wp-json/oembed/1.0/embed56ef.json]
[www.adhamdannaway.com/wp-content/themes/dannaway/images/portfolio/freelancer/main.jpg]
[www.adhamdannaway.com/wp-json/oembed/1.0/embed8797]
[www.adhamdannaway.com/wp-content/themes/dannaway/images/portfolio/freelancer/logo-light.jpg]
[www.adhamdannaway.com/wp-content/themes/dannaway/images/portfolio/freelancer/logo-dark.jpg]
[www.adhamdannaway.com/wp-content/themes/dannaway/images/portfolio/freelancer/typography.jpg]
[www.adhamdannaway.com/wp-content/themes/dannaway/images/portfolio/freelancer/illustration.jpg]
[www.adhamdannaway.com/wp-content/themes/dannaway/images/portfolio/freelancer/illustration-items.jpg]
[www.adhamdannaway.com/wp-content/themes/dannaway/images/portfolio/freelancer/colour-palette.jpg]
[www.adhamdannaway.com/wp-content/themes/dannaway/images/portfolio/freelancer/landing-page.jpg]
[www.adhamdannaway.com/wp-content/themes/dannaway/images/portfolio/freelancer/sitemap.jpg]
[www.adhamdannaway.com/wp-content/themes/dannaway/images/portfolio/freelancer/interface-sketch.jpg]
[www.adhamdannaway.com/wp-content/themes/dannaway/images/portfolio/freelancer-application/user-interface-dashboard.jpg]
[www.adhamdannaway.com/portfolio/freelancer.html]
[www.adhamdannaway.com/wp-content/themes/dannaway/images/portfolio/freelancer-application/user-interface-work.jpg]
